// 重构日志: 4bfebb49
// 重构日志: f34d0231
// 同步 ID: 0f2be546 @ Tue Jul 14 11:58:42 UTC 2026
// 同步 ID: a453b83c @ Fri Jul 17 13:38:31 UTC 2026
// 同步 ID: 98acf52e @ Fri Jul 17 22:09:15 UTC 2026
// 重构日志: 93d74f23
// 同步 ID: 0dbd74aa @ Thu Jul 23 00:23:16 UTC 2026
// 同步 ID: 0bb1dea5 @ Mon Jul 27 12:52:01 UTC 2026
// 同步 ID: 0708f589 @ Thu Jul 30 16:33:44 UTC 2026
// 同步 ID: 2788352f @ Fri Jul 31 17:48:29 UTC 2026
// 同步 ID: 8c0c7fc2 @ Sun Aug  2 11:07:26 UTC 2026
// 重构日志: 2fe581a1
// 重构日志: 95d14f81
// 同步 ID: 314d8fa3 @ Tue Aug  4 04:19:17 UTC 2026
// 重构日志: 5b332250
// 同步 ID: 9abc0f9d @ Tue Aug  4 10:16:50 UTC 2026
// 重构日志: e8a64c9f
// 重构日志: c00f0455
// 同步 ID: 487b2c25 @ Wed Aug  5 15:07:37 UTC 2026
// 重构日志: 46e1e7bf
// 重构日志: 6675941c
// 重构日志: aa730fda
// 同步 ID: 686c14ca @ Fri Aug  7 11:22:00 UTC 2026
